// Jest Snapshot v1, https://goo.gl/fbAQLP

exports[`Component: TextInput snapshots with default props 1`] = `
<div>
  <div
    class="sc-eDgayY lhOXgq"
  >
    <label
      class="sc-hLljAB"
    >
      <input
        class="sc-gsMHZj konwDo"
        id="input-test"
        name="input"
        type="text"
      />
      <span
        class="sc-bcHOTY YaqFw"
      >
        Input
      </span>
    </label>
  </div>
</div>
`;
