// Jest Snapshot v1, https://goo.gl/fbAQLP

exports[`Component: Touchable snapshots 1`] = `
<div>
  <button
    accessibility="accessibility"
    class="MuiButtonBase-root sc-bczRLJ"
    tabindex="0"
    type="button"
  >
    Text
    <span
      class="MuiTouchRipple-root"
    />
  </button>
</div>
`;
