// Jest Snapshot v1, https://goo.gl/fbAQLP

exports[`Component: Select snapshots with default props 1`] = `
<div>
  <div
    class="sc-bcHOTY"
  >
    <label>
      Gender
    </label>
    <select
      class="sc-gsMHZj TYwuZ"
    >
      <div
        class="sc-dkHyXG gVndUY"
      >
        Male
      </div>
      <div
        class="sc-dkHyXG gVndUY"
      >
        Female
      </div>
    </select>
    <p />
  </div>
</div>
`;
