// Jest Snapshot v1, https://goo.gl/fbAQLP

exports[`Component: Checkbox snapshots with default props 1`] = `
<div>
  <div
    class="sc-dkzCjb lrTZW"
  >
    <label
      class="sc-hKMtDE cZbInw"
    >
      <input
        class="sc-eCYdKt bKUPjq"
        name="Text"
        type="checkbox"
      />
      <span
        class="sc-jSMdHm gZhhHO"
      >
        Text
      </span>
    </label>
  </div>
</div>
`;
