// Jest Snapshot v1, https://goo.gl/fbAQLP

exports[`Component: Checkbox snapshots with default props 1`] = `
<div>
  <div
    class="sc-dkHyXG cCEhaY"
  >
    <label
      class="sc-hLljAB UvrDT"
    >
      <input
        class="sc-eDgayY kmSUE"
        name="Text"
        type="checkbox"
      />
      <span
        class="sc-jTkTEj gMbGwE"
      >
        Text
      </span>
    </label>
  </div>
</div>
`;
