// Jest Snapshot v1, https://goo.gl/fbAQLP

exports[`<LoadingIndicator /> should render LoadingIndicator correctly 1`] = `<div />`;

exports[`<LoadingIndicator /> should render LoadingIndicator large contrast with variant 1`] = `<div />`;

exports[`<LoadingIndicator /> should render LoadingIndicator large with variant 1`] = `<div />`;

exports[`<LoadingIndicator /> should render LoadingIndicator with accessibility 1`] = `<div />`;

exports[`<LoadingIndicator /> should render LoadingIndicator with contrast 1`] = `<div />`;

exports[`<LoadingIndicator /> should render LoadingIndicator with large 1`] = `<div />`;

exports[`<LoadingIndicator /> should render LoadingIndicator with variant 1`] = `<div />`;
